---
source: tests/tui_snapshots.rs
assertion_line: 44
expression: terminal.backend()
---
"┌ Files ─────────────────────┐┌ notes/welcome.md ────────────────────────────────────────────────────────────┐"
"│▾ notes                     ││# Welcome                                                                     │"
"│  × archive.bin             ││                                                                              │"
"│  • welcome.md              ││Write freely.                                                                 │"
"│• README.txt                ││Local edit                                                                    │"
"│                            ││                                                                              │"
"│                            ││                                                                              │"
"│                            ││                                                                              │"
"│                            ││                                                                              │"
"│                            ││                                                                              │"
"│                            ││                                                                              │"
"│                            ││                                                                              │"
"│                            ││                                                                              │"
"│                            ││                                                                              │"
"│                            ││                                                                              │"
"│                            ││                                                                              │"
"│                            ││                                                                              │"
"│                            ││                                                                              │"
"│                            ││                                                                              │"
"│                            ││                                                                              │"
"│                            ││                                                                              │"
"│                            ││                                                                              │"
"│                            ││                                                                              │"
"│                            ││                                                                              │"
"│                            ││                                                                              │"
"│                            ││                                                                              │"
"│                            ││                                                                              │"
"│                            ││                                                                              │"
"└────────────────────────────┘└──────────────────────────────────────────────────────────────────────────────┘"
" Markdown  ·  modified  ·  Ln 4, Col 11                                                                       "
