---
source: tests/tui_snapshots.rs
expression: terminal.backend()
---
"┌ Files ─────────────────────┐┌ notes/welcome.md ────────────────────────────────────────────────────────────┐"
"│▾ notes                     ││# Welcome                                                                     │"
"│  × archive.bin             ││                                                                              │"
"│  • welcome.md              ││Write freely.                                                                 │"
"│• README.txt                ││Local edit                                                                    │"
"│                            ││                                                                              │"
"│                            ││                                                                              │"
"│                            ││                                                                              │"
"│                            ││                                                                              │"
"│                            ││                                                                              │"
"│                            ││                                                                              │"
"│                            ││                                                                              │"
"│                            ││                                                                              │"
"│                            ││                                                                              │"
"│                            ││                                                                              │"
"│                            ││                                                                              │"
"│                            ││                                                                              │"
"│                            ││                                                                              │"
"│                            ││                                                                              │"
"│                            ││                                                                              │"
"│                            ││                                                                              │"
"│                            ││                                                                              │"
"│                            ││                                                                              │"
"│                            ││                                                                              │"
"│                            ││                                                                              │"
"└────────────────────────────┘└──────────────────────────────────────────────────────────────────────────────┘"
"Global  ^S Save  ^F Find  ^P Open  ^B Files  ^Z Undo  ^Y Redo  ^C Copy  ^X Cut  ^V Paste  ^A All  ^Q Quit     "
"Files   ↑↓ Select  ←→ Fold  Enter Open  n New File  N New Folder  r Rename  m Move  Del Delete  Esc Editor    "
"Editor  Arrows Move  S-Arrows Select  Enter Newline  Tab Indent  S-Tab Outdent  Home/End Line Start/End       "
" Markdown  ·  modified  ·  Ln 4, Col 11                                                                       "
