---
source: tests/tui_snapshots.rs
assertion_line: 81
expression: terminal.backend()
---
"┌ notes/welcome.md ──────────────────────────────────────────────────────────────────────┐"
"│Draft # Welcome                                                                         │"
"│                                                                                        │"
"│                                                                                        │"
"│                                                                                        │"
"│                                                                                        │"
"│                                                                                        │"
"│                                                                                        │"
"│           ┌ Unsaved changes ───────────────────────────────────────────────┐           │"
"│           │This note has changes that have not been saved.                 │           │"
"│           │                                                                │           │"
"│           │[s] Save   [d] Discard   [Esc] Cancel                           │           │"
"│           │                                                                │           │"
"│           │                                                                │           │"
"│           └────────────────────────────────────────────────────────────────┘           │"
"│                                                                                        │"
"│                                                                                        │"
"│                                                                                        │"
"│                                                                                        │"
"│                                                                                        │"
"│                                                                                        │"
"│                                                                                        │"
"└────────────────────────────────────────────────────────────────────────────────────────┘"
" Markdown  ·  modified  ·  Ln 1, Col 7                                                    "
