---
source: tests/tui_snapshots.rs
expression: terminal.backend()
---
"┌ Files · notes · overlay ───────┐─────────────────────────────────────┐"
"│× archive.bin                   │                                     │"
"│• welcome.md                    │                                     │"
"│                                │                                     │"
"│                                │                                     │"
"│                                │                                     │"
"│                                │                                     │"
"│                                │                                     │"
"│                                │                                     │"
"│                                │                                     │"
"│                                │                                     │"
"│                                │                                     │"
"│                                │                                     │"
"│                                │                                     │"
"│                                │                                     │"
"│                                │                                     │"
"│                                │                                     │"
"└────────────────────────────────┘─────────────────────────────────────┘"
"Global  ^S Save  ^F Find  ^P Open  ^B Files  ^Z Undo  ^Y Redo  ^C Copy  "
"Files   ↑↓ Preview  →/Enter Folder  ← Parent  Enter Edit  n File  N Fold"
"Editor  Esc Files  ⌥←→ Word  ⌘←→ Line  ⌘↑↓ Doc  Enter/S-Enter Newline  T"
" Markdown  ·  saved  ·  Ln 1, Col 1                                     "
