---
source: tests/tui_snapshots.rs
expression: terminal.backend()
---
"┌ Files · overlay ───────────────┐─────────────────────────────────────┐"
"│▾ notes                         │                                     │"
"│  × archive.bin                 │                                     │"
"│  • welcome.md                  │                                     │"
"│• README.txt                    │                                     │"
"│                                │                                     │"
"│                                │                                     │"
"│                                │                                     │"
"│                                │                                     │"
"│                                │                                     │"
"│                                │                                     │"
"│                                │                                     │"
"│                                │                                     │"
"│                                │                                     │"
"│                                │                                     │"
"│                                │                                     │"
"│                                │                                     │"
"└────────────────────────────────┘─────────────────────────────────────┘"
"Global  ^S Save  ^F Find  ^P Open  ^B Files  ^Z Undo  ^Y Redo  ^C Copy  "
"Files   ↑↓ Select  ←→ Fold  Enter Open  n New File  N New Folder  r Rena"
"Editor  Arrows Move  S-Arrows Select  Enter Newline  Tab Indent  S-Tab O"
" Markdown  ·  saved  ·  Ln 1, Col 1                                     "
