---
source: tests/tui_snapshots.rs
expression: terminal.backend()
---
"┌ notes/welcome.md ──────────────────────────────────────────────────────────────────────┐"
"│# Welcome                                                                               │"
"│                                                                                        │"
"│                                                                                        │"
"│                                                                                        │"
"│                                                                                        │"
"│                                                                                        │"
"│                                                                                        │"
"│           ┌ Git failure ───────────────────────────────────────────────────┐           │"
"│           │The file was saved, but it was not committed.                   │           │"
"│           │Git identity is not configured                                  │           │"
"│           │                                                                │           │"
"│           │[r] Retry commit   [Esc] Continue editing                       │           │"
"│           │                                                                │           │"
"│           │                                                                │           │"
"│           └────────────────────────────────────────────────────────────────┘           │"
"│                                                                                        │"
"│                                                                                        │"
"│                                                                                        │"
"└────────────────────────────────────────────────────────────────────────────────────────┘"
"Global  ^S Save  ^F Find  ^P Open  ^B Files  ^Z Undo  ^Y Redo  ^C Copy  ^X Cut  ^V Paste  "
"Files   ↑↓ Select  ←→ Fold  Enter Open  n New File  N New Folder  r Rename  m Move  Del De"
"Editor  Arrows Move  S-Arrows Select  Enter Newline  Tab Indent  S-Tab Outdent  Home/End L"
" Markdown  ·  saved  ·  Ln 1, Col 1  ·  saved · not committed: Git identity is not configu"
