---
source: tests/tui_snapshots.rs
expression: terminal.backend()
---
"┌ Editing · notes/welcome.md ────────────────────────────────────────────────────────────┐"
"│Draft # Welcome                                                                         │"
"│                                                                                        │"
"│                                                                                        │"
"│                                                                                        │"
"│                                                                                        │"
"│                                                                                        │"
"│                                                                                        │"
"│           ┌ Unsaved changes ───────────────────────────────────────────────┐           │"
"│           │This note has changes that have not been saved.                 │           │"
"│           │                                                                │           │"
"│           │[s] Save   [d] Discard   [Esc] Cancel                           │           │"
"│           │                                                                │           │"
"│           │                                                                │           │"
"│           └────────────────────────────────────────────────────────────────┘           │"
"│                                                                                        │"
"│                                                                                        │"
"│                                                                                        │"
"│                                                                                        │"
"└────────────────────────────────────────────────────────────────────────────────────────┘"
"Global  ^S Save  ^G Push  ^F Find  ^P Open  ^B Files  ^Z/Y Undo/Redo  ^C/X/V Clipboard  ^A"
"Files   ↑↓ Preview  →/Enter Folder  ← Parent  Enter Edit  n File  N Folder  r Rename  m Mo"
"Editor  Esc Files  ⌥←→ Word  ⌘←→ Line  ⌘↑↓ Doc  Enter/S-Enter Newline  Tab/S-Tab Indent   "
" Markdown  ·  modified  ·  Ln 1, Col 7                                                    "
