---
source: tests/tui_snapshots.rs
expression: terminal.backend()
---
"┌ Editing · notes/welcome.md ────────────────────────────────────────────────────────────┐"
"│# Welcome                                                                               │"
"│                                                                                        │"
"│                                                                                        │"
"│                                                                                        │"
"│                                                                                        │"
"│                                                                                        │"
"│                                                                                        │"
"│           ┌ Git failure ───────────────────────────────────────────────────┐           │"
"│           │The file was saved, but it was not committed.                   │           │"
"│           │Git identity is not configured                                  │           │"
"│           │                                                                │           │"
"│           │[r] Retry commit   [Esc] Continue editing                       │           │"
"│           │                                                                │           │"
"│           │                                                                │           │"
"│           └────────────────────────────────────────────────────────────────┘           │"
"│                                                                                        │"
"│                                                                                        │"
"│                                                                                        │"
"└────────────────────────────────────────────────────────────────────────────────────────┘"
"Global  ⌘S Save  ^G Push  ⌘F Find  ⌘P Open  ⌘B Files  ⌘Z/⇧⌘Z Undo/Redo  ⌘C/X/V Clipboard  "
"Files   ↑↓ Preview  →/Enter Folder  ← Parent  Enter Edit  n File  N Folder  r Rename  m Mo"
"Editor  Esc Files  ⇧←→ Select  ⌥←→ Word  ⌘←→ Line  ⌘↑↓ Doc  ⌥⌫/Del Word Del  ⌘⌫/Del Line D"
" Markdown  ·  saved  ·  Ln 1, Col 1  ·  saved · not committed: Git identity is not configu"
